// Jest Snapshot v1, https://goo.gl/fbAQLP

exports[`<Game /> Matches snapshot 1`] = `
<Game>
  <div>
    Second Player
    <div
      className="piece-selector"
    >
      Select
      <button
        id="btnX"
        onClick={[Function]}
      >
        x
      </button>
      <button
        id="btnO"
        onClick={[Function]}
      >
        o
      </button>
    </div>
  </div>
</Game>
`;
