// Jest Snapshot v1, https://goo.gl/fbAQLP

exports[`<Board /> Matches snapshot 1`] = `
<div
  className="board"
>
  <Piece
    key="0"
    onSelect={[Function]}
    symbol="X"
  />
  <Piece
    key="1"
    onSelect={[Function]}
    symbol=""
  />
  <Piece
    key="2"
    onSelect={[Function]}
    symbol="O"
  />
  <Piece
    key="0"
    onSelect={[Function]}
    symbol="O"
  />
  <Piece
    key="1"
    onSelect={[Function]}
    symbol="X"
  />
  <Piece
    key="2"
    onSelect={[Function]}
    symbol=""
  />
  <Piece
    key="0"
    onSelect={[Function]}
    symbol="X"
  />
  <Piece
    key="1"
    onSelect={[Function]}
    symbol="O"
  />
  <Piece
    key="2"
    onSelect={[Function]}
    symbol="X"
  />
</div>
`;

exports[`<Game /> Matches snapshot 1`] = `
<Game>
  <div>
    <div
      className="board"
    >
      <h1
        className="player-turn"
      >
        First Player
      </h1>
      <div
        className="piece-selector"
      >
        Select
        <button
          id="btnX"
          onClick={[Function]}
        >
          x
        </button>
        <button
          id="btnO"
          onClick={[Function]}
        >
          o
        </button>
      </div>
    </div>
  </div>
</Game>
`;

exports[`<Piece /> Matches snapshot 1`] = `
<Piece>
  <div
    className="piece"
    onClick={null}
  />
</Piece>
`;
