// Jest Snapshot v1, https://goo.gl/fbAQLP

exports[`<Game /> Matches snapshot 1`] = `
<Game>
  <div
    className="game-container"
  >
    <div
      className="board-container"
    >
      <div
        className="piece-selector"
      >
        <div
          className="piece-selector-title"
        >
          <h1>
            React Tic Tac
          </h1>
          <img
            alt="toe"
            className="toe"
            src="toe.svg"
          />
        </div>
        <div
          className="piece-selector-els"
        >
          <div>
            Player 1
          </div>
          <div>
            Select Piece
          </div>
        </div>
        <div
          className="btns-container"
        >
          <button
            id="btnX"
            onClick={[Function]}
          >
            x
          </button>
          <button
            id="btnO"
            onClick={[Function]}
          >
            o
          </button>
        </div>
      </div>
    </div>
  </div>
</Game>
`;
