// Jest Snapshot v1, https://goo.gl/fbAQLP

exports[`<Board /> Matches snapshot 1`] = `
<Board
  coordinates={
    Array [
      Array [
        0,
        0,
      ],
      Array [
        1,
        1,
      ],
      Array [
        2,
        2,
      ],
    ]
  }
  data={
    Array [
      Array [
        "X",
        "",
        "O",
      ],
      Array [
        "O",
        "X",
        "",
      ],
      Array [
        "X",
        "O",
        "X",
      ],
    ]
  }
>
  <div
    className="board"
  >
    <h1
      className="result"
    />
    <div
      className="squares-container"
    >
      <Piece
        highLight={true}
        key="0"
        onSelect={[Function]}
        squareIndex="0-0"
        symbol="X"
      >
        <div
          className="piece square-0-0 border-undefined symbol-X"
          onClick={null}
        >
          <span
            className="spancito blink"
          >
            X
          </span>
        </div>
      </Piece>
      <Piece
        highLight={false}
        key="1"
        onSelect={[Function]}
        squareIndex="0-1"
        symbol=""
      >
        <div
          className="piece square-0-1 border-undefined symbol-"
          onClick={[Function]}
        >
          <span
            className="spancito"
          />
        </div>
      </Piece>
      <Piece
        highLight={false}
        key="2"
        onSelect={[Function]}
        squareIndex="0-2"
        symbol="O"
      >
        <div
          className="piece square-0-2 border-undefined symbol-O"
          onClick={null}
        >
          <span
            className="spancito"
          >
            O
          </span>
        </div>
      </Piece>
      <Piece
        highLight={false}
        key="0"
        onSelect={[Function]}
        squareIndex="1-0"
        symbol="O"
      >
        <div
          className="piece square-1-0 border-undefined symbol-O"
          onClick={null}
        >
          <span
            className="spancito"
          >
            O
          </span>
        </div>
      </Piece>
      <Piece
        highLight={true}
        key="1"
        onSelect={[Function]}
        squareIndex="1-1"
        symbol="X"
      >
        <div
          className="piece square-1-1 border-undefined symbol-X"
          onClick={null}
        >
          <span
            className="spancito blink"
          >
            X
          </span>
        </div>
      </Piece>
      <Piece
        highLight={false}
        key="2"
        onSelect={[Function]}
        squareIndex="1-2"
        symbol=""
      >
        <div
          className="piece square-1-2 border-undefined symbol-"
          onClick={[Function]}
        >
          <span
            className="spancito"
          />
        </div>
      </Piece>
      <Piece
        highLight={false}
        key="0"
        onSelect={[Function]}
        squareIndex="2-0"
        symbol="X"
      >
        <div
          className="piece square-2-0 border-undefined symbol-X"
          onClick={null}
        >
          <span
            className="spancito"
          >
            X
          </span>
        </div>
      </Piece>
      <Piece
        highLight={false}
        key="1"
        onSelect={[Function]}
        squareIndex="2-1"
        symbol="O"
      >
        <div
          className="piece square-2-1 border-undefined symbol-O"
          onClick={null}
        >
          <span
            className="spancito"
          >
            O
          </span>
        </div>
      </Piece>
      <Piece
        highLight={true}
        key="2"
        onSelect={[Function]}
        squareIndex="2-2"
        symbol="X"
      >
        <div
          className="piece square-2-2 border-undefined symbol-X"
          onClick={null}
        >
          <span
            className="spancito blink"
          >
            X
          </span>
        </div>
      </Piece>
    </div>
    <ResetButton>
      <button
        className="reset-button"
      >
        Restart Game
      </button>
    </ResetButton>
  </div>
</Board>
`;
