// Jest Snapshot v1, https://goo.gl/fbAQLP

exports[`<Board /> Matches snapshot 1`] = `
<Board
  data={
    Array [
      Array [
        "X",
        "",
        "O",
      ],
      Array [
        "O",
        "X",
        "",
      ],
      Array [
        "X",
        "O",
        "X",
      ],
    ]
  }
>
  <div
    className="board"
  >
    <Piece
      key="0"
      onSelect={[Function]}
      symbol="X"
    >
      <div
        className="piece"
        onClick={null}
      >
        X
      </div>
    </Piece>
    <Piece
      key="1"
      onSelect={[Function]}
      symbol=""
    >
      <div
        className="piece"
        onClick={[Function]}
      />
    </Piece>
    <Piece
      key="2"
      onSelect={[Function]}
      symbol="O"
    >
      <div
        className="piece"
        onClick={null}
      >
        O
      </div>
    </Piece>
    <Piece
      key="0"
      onSelect={[Function]}
      symbol="O"
    >
      <div
        className="piece"
        onClick={null}
      >
        O
      </div>
    </Piece>
    <Piece
      key="1"
      onSelect={[Function]}
      symbol="X"
    >
      <div
        className="piece"
        onClick={null}
      >
        X
      </div>
    </Piece>
    <Piece
      key="2"
      onSelect={[Function]}
      symbol=""
    >
      <div
        className="piece"
        onClick={[Function]}
      />
    </Piece>
    <Piece
      key="0"
      onSelect={[Function]}
      symbol="X"
    >
      <div
        className="piece"
        onClick={null}
      >
        X
      </div>
    </Piece>
    <Piece
      key="1"
      onSelect={[Function]}
      symbol="O"
    >
      <div
        className="piece"
        onClick={null}
      >
        O
      </div>
    </Piece>
    <Piece
      key="2"
      onSelect={[Function]}
      symbol="X"
    >
      <div
        className="piece"
        onClick={null}
      >
        X
      </div>
    </Piece>
  </div>
</Board>
`;
